[+] attach pid=1058
[found] TTHTTPJSONResponseSerializerBaseChromium -> - responseObjectForResponse:jsonObj:responseError:resultError:
[OK] 已挂1个hook, 现在点个人主页/下拉刷新
[resp] https://api-va.tiktokv.com/tiktok/user/permission/get/v1/
[resp] https://api-va.tiktokv.com/tiktok/user/permission/get/v1/
[resp] https://api-va.tiktokv.com/tiktok/user/permission/get/v1/
[resp] https://gecko-va.tiktokv.com/src/server/v5/package
[resp] https://api-va.tiktokv.com/tiktok/user/permission/get/v1/
[resp] https://api-va.tiktokv.com/tiktok/user/permission/get/v1/
[resp] https://api-va.tiktokv.com/tiktok/user/permission/get/v1/
[resp] https://api-va.tiktokv.com/tiktok/user/permission/get/v1/
[resp] https://api-va.tiktokv.com/tiktok/user/permission/get/v1/
[resp] https://api-va.tiktokv.com/tiktok/user/permission/get/v1/
[resp] https://api-va.tiktokv.com/tiktok/user/permission/get/v1/
[resp] https://api-va.tiktokv.com/tiktok/user/permission/get/v1/
[resp] https://gecko-va.tiktokv.com/src/server/v5/package
[resp] https://api-va.tiktokv.com/tiktok/user/permission/get/v1/
[resp] https://api-va.tiktokv.com/tiktok/user/permission/get/v1/
[resp] https://gecko-va.tiktokv.com/src/server/v5/package
[resp] https://api-va.tiktokv.com/tiktok/user/permission/get/v1/
[resp] https://api-va.tiktokv.com/tiktok/user/permission/get/v1/
[resp] https://api-va.tiktokv.com/tiktok/user/permission/get/v1/
[resp] https://api-va.tiktokv.com/tiktok/user/permission/get/v1/
[resp] https://api-va.tiktokv.com/tiktok/user/permission/get/v1/
[resp] https://api-va.tiktokv.com/tiktok/user/permission/get/v1/
[resp] https://api-va.tiktokv.com/passport/account/info/v2/
[resp] https://api-va.tiktokv.com/passport/token/beat/v2/
[*] 结束(os._exit保护)
