[+] attach pid=1058
[hook-resp] TTHTTPBinaryResponseSerializerBase
[hook-resp] AWEBinaryResponseSerializer
[hook-resp] AWEBinaryResponseSerializerForJSON
[hook-resp] AWEFeedPbResponseSerializer
[hook-resp] BDXBridgePbResponseSerializer
[hook-resp] HTSLivePBResponseSerializer
[hook-resp] TIMClientTTNetworkImpResponseSerializer
[hook-resp] TTIMStreakPBResponseSerializer
[hook-resp] TTKECProtobufResponseSerializer
[hook-resp] TTKFeedBasePbResponseSerializer
[hook-resp] TTKLandscapePostPbResponseSerializer
[hook-resp] TTKLanscapeFeedPbResponseSerializer
[hook-resp] TTKPaidContentPbBaseResponseSerializer
[hook-resp] TikTokKidsFeedPbResponseSerializer
[hook-req] - URLRequestWithRequestModel:commonParams:
[hook-req] - URLRequestWithURL:headerField:params:method:constructingBodyBlock:commonParams:
[hook-req] - URLRequestWithURL:params:method:constructingBodyBlock:commonParams:
[hook-req] - URLRequestWithURL:headerField:params:method:constructingBodyBlock:commonParams:bypassXWwwFormUrlencoded:
[READY] 双hook挂载完成. 现在: 点个人主页/下拉刷新, 盯 ★REQ BODY★ / ★RESP REQUEST★ / ★RESP PARSED OBJECT★
[resp] AWEBinaryResponseSerializer https://p16-common-sign.tiktokcdn.com/tos-alisg-i-photomode-sg/3a6db0f3acd24fb29d726b627103e0cd~tplv-photomode-sr-vqe4:1440:0:1080:0:q80.heic
[!!! DETACHED] process-terminated
[*] 结束(os._exit保护)
