[+] attach pid=985 (纯探针)
[start] 纯attach探针, 不做任何hook
[alive] tick 1  (只attach未hook)
[alive] tick 2  (只attach未hook)
[alive] tick 3  (只attach未hook)
[alive] tick 4  (只attach未hook)
[alive] tick 5  (只attach未hook)
[alive] tick 6  (只attach未hook)
[alive] tick 7  (只attach未hook)
[alive] tick 8  (只attach未hook)
[alive] tick 9  (只attach未hook)
[alive] tick 10  (只attach未hook)
[alive] tick 11  (只attach未hook)
[alive] tick 12  (只attach未hook)
[alive] tick 13  (只attach未hook)
[alive] tick 14  (只attach未hook)
[alive] tick 15  (只attach未hook)
[alive] tick 16  (只attach未hook)
[alive] tick 17  (只attach未hook)
[alive] tick 18  (只attach未hook)
[alive] tick 19  (只attach未hook)
[alive] tick 20  (只attach未hook)
[alive] tick 21  (只attach未hook)
[alive] tick 22  (只attach未hook)
[alive] tick 23  (只attach未hook)
[alive] tick 24  (只attach未hook)
[alive] tick 25  (只attach未hook)
[alive] tick 26  (只attach未hook)
[alive] tick 27  (只attach未hook)
[alive] tick 28  (只attach未hook)
[alive] tick 29  (只attach未hook)
[alive] tick 30  (只attach未hook)
[done] 30次心跳完成, 进程稳定
[*] 探针结束
